Analysis & Synthesis report for chipInterface
Wed Mar 29 01:04:04 2023
Quartus Prime Version 16.1.2 Build 203 01/18/2017 SJ Standard Edition


---------------------
; Table of Contents ;
---------------------
  1. Legal Notice
  2. Analysis & Synthesis Summary
  3. Analysis & Synthesis Settings
  4. Parallel Compilation
  5. Analysis & Synthesis Source Files Read
  6. Analysis & Synthesis Resource Usage Summary
  7. Analysis & Synthesis Resource Utilization by Entity
  8. State Machine - |chipInterface|task2:R|fsm:control|state
  9. Registers Removed During Synthesis
 10. General Register Statistics
 11. Multiplexer Restructuring Statistics (Restructuring Performed)
 12. Parameter Settings for User Entity Instance: task2:R|ShiftRegister_SIPO:reg1
 13. Parameter Settings for User Entity Instance: task2:R|Counter:counter1
 14. Parameter Settings for User Entity Instance: task2:R|Counter:counter2
 15. Parameter Settings for User Entity Instance: task2:R|Counter:counter3
 16. Parameter Settings for User Entity Instance: task2:R|Counter:counter4
 17. Parameter Settings for User Entity Instance: task2:R|Counter:counter5
 18. Parameter Settings for User Entity Instance: task2:R|Comparator:comp1
 19. Parameter Settings for User Entity Instance: task2:R|Comparator:comp2
 20. Parameter Settings for User Entity Instance: task2:R|Comparator:comp3
 21. Parameter Settings for User Entity Instance: task2:R|Comparator:comp4
 22. Parameter Settings for User Entity Instance: task2:R|Mux2to1:m1
 23. Port Connectivity Checks: "SevenSegmentDisplay:s1"
 24. Port Connectivity Checks: "task2:R|Mux2to1:m1"
 25. Port Connectivity Checks: "task2:R|Comparator:comp4"
 26. Port Connectivity Checks: "task2:R|Comparator:comp3"
 27. Port Connectivity Checks: "task2:R|Comparator:comp2"
 28. Port Connectivity Checks: "task2:R|Comparator:comp1"
 29. Port Connectivity Checks: "task2:R|Counter:counter5"
 30. Port Connectivity Checks: "task2:R|Counter:counter4"
 31. Port Connectivity Checks: "task2:R|Counter:counter3"
 32. Port Connectivity Checks: "task2:R|Counter:counter2"
 33. Port Connectivity Checks: "task2:R|Counter:counter1"
 34. Port Connectivity Checks: "task2:R|SECDEDdecoder:dec1"
 35. Port Connectivity Checks: "task2:R|ShiftRegister_SIPO:reg1"
 36. Port Connectivity Checks: "task2:R|fsm:control"
 37. Port Connectivity Checks: "task2:R"
 38. Post-Synthesis Netlist Statistics for Top Partition
 39. Elapsed Time Per Partition
 40. Analysis & Synthesis Messages



----------------
; Legal Notice ;
----------------
Copyright (C) 2017  Intel Corporation. All rights reserved.
Your use of Intel Corporation's design tools, logic functions 
and other software and tools, and its AMPP partner logic 
functions, and any output files from any of the foregoing 
(including device programming or simulation files), and any 
associated documentation or information are expressly subject 
to the terms and conditions of the Intel Program License 
Subscription Agreement, the Intel Quartus Prime License Agreement,
the Intel MegaCore Function License Agreement, or other 
applicable license agreement, including, without limitation, 
that your use is for the sole purpose of programming logic 
devices manufactured by Intel and sold by Intel or its 
authorized distributors.  Please refer to the applicable 
agreement for further details.



+--------------------------------------------------------------------------------------+
; Analysis & Synthesis Summary                                                         ;
+------------------------------------+-------------------------------------------------+
; Analysis & Synthesis Status        ; Successful - Wed Mar 29 01:04:04 2023           ;
; Quartus Prime Version              ; 16.1.2 Build 203 01/18/2017 SJ Standard Edition ;
; Revision Name                      ; chipInterface                                   ;
; Top-level Entity Name              ; chipInterface                                   ;
; Family                             ; Cyclone IV E                                    ;
; Total logic elements               ; 1,148                                           ;
;     Total combinational functions  ; 631                                             ;
;     Dedicated logic registers      ; 660                                             ;
; Total registers                    ; 660                                             ;
; Total pins                         ; 80                                              ;
; Total virtual pins                 ; 0                                               ;
; Total memory bits                  ; 0                                               ;
; Embedded Multiplier 9-bit elements ; 0                                               ;
; Total PLLs                         ; 0                                               ;
+------------------------------------+-------------------------------------------------+


+----------------------------------------------------------------------------------------------------------------------+
; Analysis & Synthesis Settings                                                                                        ;
+----------------------------------------------------------------------------+--------------------+--------------------+
; Option                                                                     ; Setting            ; Default Value      ;
+----------------------------------------------------------------------------+--------------------+--------------------+
; Device                                                                     ; EP4CE115F29C7      ;                    ;
; Top-level entity name                                                      ; chipInterface      ; chipInterface      ;
; Family name                                                                ; Cyclone IV E       ; Cyclone V          ;
; Use smart compilation                                                      ; Off                ; Off                ;
; Enable parallel Assembler and TimeQuest Timing Analyzer during compilation ; On                 ; On                 ;
; Enable compact report table                                                ; Off                ; Off                ;
; Restructure Multiplexers                                                   ; Auto               ; Auto               ;
; Create Debugging Nodes for IP Cores                                        ; Off                ; Off                ;
; Preserve fewer node names                                                  ; On                 ; On                 ;
; OpenCore Plus hardware evaluation                                          ; Enable             ; Enable             ;
; Verilog Version                                                            ; Verilog_2001       ; Verilog_2001       ;
; VHDL Version                                                               ; VHDL_1993          ; VHDL_1993          ;
; State Machine Processing                                                   ; Auto               ; Auto               ;
; Safe State Machine                                                         ; Off                ; Off                ;
; Extract Verilog State Machines                                             ; On                 ; On                 ;
; Extract VHDL State Machines                                                ; On                 ; On                 ;
; Ignore Verilog initial constructs                                          ; Off                ; Off                ;
; Iteration limit for constant Verilog loops                                 ; 5000               ; 5000               ;
; Iteration limit for non-constant Verilog loops                             ; 250                ; 250                ;
; Add Pass-Through Logic to Inferred RAMs                                    ; On                 ; On                 ;
; Infer RAMs from Raw Logic                                                  ; On                 ; On                 ;
; Parallel Synthesis                                                         ; On                 ; On                 ;
; DSP Block Balancing                                                        ; Auto               ; Auto               ;
; NOT Gate Push-Back                                                         ; On                 ; On                 ;
; Power-Up Don't Care                                                        ; On                 ; On                 ;
; Remove Redundant Logic Cells                                               ; Off                ; Off                ;
; Remove Duplicate Registers                                                 ; On                 ; On                 ;
; Ignore CARRY Buffers                                                       ; Off                ; Off                ;
; Ignore CASCADE Buffers                                                     ; Off                ; Off                ;
; Ignore GLOBAL Buffers                                                      ; Off                ; Off                ;
; Ignore ROW GLOBAL Buffers                                                  ; Off                ; Off                ;
; Ignore LCELL Buffers                                                       ; Off                ; Off                ;
; Ignore SOFT Buffers                                                        ; On                 ; On                 ;
; Limit AHDL Integers to 32 Bits                                             ; Off                ; Off                ;
; Optimization Technique                                                     ; Balanced           ; Balanced           ;
; Carry Chain Length                                                         ; 70                 ; 70                 ;
; Auto Carry Chains                                                          ; On                 ; On                 ;
; Auto Open-Drain Pins                                                       ; On                 ; On                 ;
; Perform WYSIWYG Primitive Resynthesis                                      ; Off                ; Off                ;
; Auto ROM Replacement                                                       ; On                 ; On                 ;
; Auto RAM Replacement                                                       ; On                 ; On                 ;
; Auto DSP Block Replacement                                                 ; On                 ; On                 ;
; Auto Shift Register Replacement                                            ; Auto               ; Auto               ;
; Allow Shift Register Merging across Hierarchies                            ; Auto               ; Auto               ;
; Auto Clock Enable Replacement                                              ; On                 ; On                 ;
; Strict RAM Replacement                                                     ; Off                ; Off                ;
; Allow Synchronous Control Signals                                          ; On                 ; On                 ;
; Force Use of Synchronous Clear Signals                                     ; Off                ; Off                ;
; Auto RAM Block Balancing                                                   ; On                 ; On                 ;
; Auto RAM to Logic Cell Conversion                                          ; Off                ; Off                ;
; Auto Resource Sharing                                                      ; Off                ; Off                ;
; Allow Any RAM Size For Recognition                                         ; Off                ; Off                ;
; Allow Any ROM Size For Recognition                                         ; Off                ; Off                ;
; Allow Any Shift Register Size For Recognition                              ; Off                ; Off                ;
; Use LogicLock Constraints during Resource Balancing                        ; On                 ; On                 ;
; Ignore translate_off and synthesis_off directives                          ; Off                ; Off                ;
; Timing-Driven Synthesis                                                    ; On                 ; On                 ;
; Report Parameter Settings                                                  ; On                 ; On                 ;
; Report Source Assignments                                                  ; On                 ; On                 ;
; Report Connectivity Checks                                                 ; On                 ; On                 ;
; Ignore Maximum Fan-Out Assignments                                         ; Off                ; Off                ;
; Synchronization Register Chain Length                                      ; 2                  ; 2                  ;
; PowerPlay Power Optimization During Synthesis                              ; Normal compilation ; Normal compilation ;
; HDL message level                                                          ; Level2             ; Level2             ;
; Suppress Register Optimization Related Messages                            ; Off                ; Off                ;
; Number of Removed Registers Reported in Synthesis Report                   ; 5000               ; 5000               ;
; Number of Swept Nodes Reported in Synthesis Report                         ; 5000               ; 5000               ;
; Number of Inverted Registers Reported in Synthesis Report                  ; 100                ; 100                ;
; Clock MUX Protection                                                       ; On                 ; On                 ;
; Auto Gated Clock Conversion                                                ; Off                ; Off                ;
; Block Design Naming                                                        ; Auto               ; Auto               ;
; SDC constraint protection                                                  ; Off                ; Off                ;
; Synthesis Effort                                                           ; Auto               ; Auto               ;
; Shift Register Replacement - Allow Asynchronous Clear Signal               ; On                 ; On                 ;
; Pre-Mapping Resynthesis Optimization                                       ; Off                ; Off                ;
; Analysis & Synthesis Message Level                                         ; Medium             ; Medium             ;
; Disable Register Merging Across Hierarchies                                ; Auto               ; Auto               ;
; Resource Aware Inference For Block RAM                                     ; On                 ; On                 ;
+----------------------------------------------------------------------------+--------------------+--------------------+


+------------------------------------------+
; Parallel Compilation                     ;
+----------------------------+-------------+
; Processors                 ; Number      ;
+----------------------------+-------------+
; Number detected on machine ; 20          ;
; Maximum allowed            ; 12          ;
;                            ;             ;
; Average used               ; 1.00        ;
; Maximum used               ; 12          ;
;                            ;             ;
; Usage by Processor         ; % Time Used ;
;     Processor 1            ; 100.0%      ;
;     Processor 2            ;   0.0%      ;
;     Processor 3            ;   0.0%      ;
;     Processor 4            ;   0.0%      ;
;     Processor 5            ;   0.0%      ;
;     Processor 6            ;   0.0%      ;
;     Processor 7            ;   0.0%      ;
;     Processor 8            ;   0.0%      ;
;     Processors 9-12        ;   0.0%      ;
+----------------------------+-------------+


+----------------------------------------------------------------------------------------------------------------------------------------------------------------+
; Analysis & Synthesis Source Files Read                                                                                                                         ;
+----------------------------------+-----------------+------------------------------+------------------------------------------------------------------+---------+
; File Name with User-Entered Path ; Used in Netlist ; File Type                    ; File Name with Absolute Path                                     ; Library ;
+----------------------------------+-----------------+------------------------------+------------------------------------------------------------------+---------+
; 02_chipInterface.sv              ; yes             ; User SystemVerilog HDL File  ; /afs/andrew.cmu.edu/usr24/xinyew/public/lab4/02_chipInterface.sv ;         ;
; 02.sv                            ; yes             ; User SystemVerilog HDL File  ; /afs/andrew.cmu.edu/usr24/xinyew/public/lab4/02.sv               ;         ;
; 00_SECDED.sv                     ; yes             ; User SystemVerilog HDL File  ; /afs/andrew.cmu.edu/usr24/xinyew/public/lab4/00_SECDED.sv        ;         ;
; 00_library.sv                    ; yes             ; User SystemVerilog HDL File  ; /afs/andrew.cmu.edu/usr24/xinyew/public/lab4/00_library.sv       ;         ;
+----------------------------------+-----------------+------------------------------+------------------------------------------------------------------+---------+


+--------------------------------------------------------------+
; Analysis & Synthesis Resource Usage Summary                  ;
+---------------------------------------------+----------------+
; Resource                                    ; Usage          ;
+---------------------------------------------+----------------+
; Estimated Total logic elements              ; 1,148          ;
;                                             ;                ;
; Total combinational functions               ; 631            ;
; Logic element usage by number of LUT inputs ;                ;
;     -- 4 input functions                    ; 452            ;
;     -- 3 input functions                    ; 7              ;
;     -- <=2 input functions                  ; 172            ;
;                                             ;                ;
; Logic elements by mode                      ;                ;
;     -- normal mode                          ; 507            ;
;     -- arithmetic mode                      ; 124            ;
;                                             ;                ;
; Total registers                             ; 660            ;
;     -- Dedicated logic registers            ; 660            ;
;     -- I/O registers                        ; 0              ;
;                                             ;                ;
; I/O pins                                    ; 80             ;
;                                             ;                ;
; Embedded Multiplier 9-bit elements          ; 0              ;
;                                             ;                ;
; Maximum fan-out node                        ; CLOCK_50~input ;
; Maximum fan-out                             ; 660            ;
; Total fan-out                               ; 4317           ;
; Average fan-out                             ; 2.98           ;
+---------------------------------------------+----------------+


+----------------------------------------------------------------------------------------------------------------------------------------------------------------------------------------------------------------------------------------------------------------------------------+
; Analysis & Synthesis Resource Utilization by Entity                                                                                                                                                                                                                              ;
+----------------------------------+---------------------+---------------------------+-------------+--------------+---------+-----------+------+--------------+-------------------------------------------------------------------------------+---------------------+--------------+
; Compilation Hierarchy Node       ; Combinational ALUTs ; Dedicated Logic Registers ; Memory Bits ; DSP Elements ; DSP 9x9 ; DSP 18x18 ; Pins ; Virtual Pins ; Full Hierarchy Name                                                           ; Entity Name         ; Library Name ;
+----------------------------------+---------------------+---------------------------+-------------+--------------+---------+-----------+------+--------------+-------------------------------------------------------------------------------+---------------------+--------------+
; |chipInterface                   ; 631 (0)             ; 660 (0)                   ; 0           ; 0            ; 0       ; 0         ; 80   ; 0            ; |chipInterface                                                                ; chipInterface       ; work         ;
;    |SevenSegmentDisplay:s1|      ; 7 (7)               ; 0 (0)                     ; 0           ; 0            ; 0       ; 0         ; 0    ; 0            ; |chipInterface|SevenSegmentDisplay:s1                                         ; SevenSegmentDisplay ; work         ;
;    |SevenSegmentDisplay:s2|      ; 7 (7)               ; 0 (0)                     ; 0           ; 0            ; 0       ; 0         ; 0    ; 0            ; |chipInterface|SevenSegmentDisplay:s2                                         ; SevenSegmentDisplay ; work         ;
;    |SevenSegmentDisplay:s3|      ; 7 (7)               ; 0 (0)                     ; 0           ; 0            ; 0       ; 0         ; 0    ; 0            ; |chipInterface|SevenSegmentDisplay:s3                                         ; SevenSegmentDisplay ; work         ;
;    |SevenSegmentDisplay:s4|      ; 7 (7)               ; 0 (0)                     ; 0           ; 0            ; 0       ; 0         ; 0    ; 0            ; |chipInterface|SevenSegmentDisplay:s4                                         ; SevenSegmentDisplay ; work         ;
;    |SevenSegmentDisplay:s5|      ; 7 (7)               ; 0 (0)                     ; 0           ; 0            ; 0       ; 0         ; 0    ; 0            ; |chipInterface|SevenSegmentDisplay:s5                                         ; SevenSegmentDisplay ; work         ;
;    |SevenSegmentDisplay:s6|      ; 7 (7)               ; 0 (0)                     ; 0           ; 0            ; 0       ; 0         ; 0    ; 0            ; |chipInterface|SevenSegmentDisplay:s6                                         ; SevenSegmentDisplay ; work         ;
;    |SevenSegmentDisplay:s7|      ; 7 (7)               ; 0 (0)                     ; 0           ; 0            ; 0       ; 0         ; 0    ; 0            ; |chipInterface|SevenSegmentDisplay:s7                                         ; SevenSegmentDisplay ; work         ;
;    |SevenSegmentDisplay:s8|      ; 7 (7)               ; 0 (0)                     ; 0           ; 0            ; 0       ; 0         ; 0    ; 0            ; |chipInterface|SevenSegmentDisplay:s8                                         ; SevenSegmentDisplay ; work         ;
;    |select:s|                    ; 353 (353)           ; 0 (0)                     ; 0           ; 0            ; 0       ; 0         ; 0    ; 0            ; |chipInterface|select:s                                                       ; select              ; work         ;
;    |task2:R|                     ; 222 (3)             ; 660 (0)                   ; 0           ; 0            ; 0       ; 0         ; 0    ; 0            ; |chipInterface|task2:R                                                        ; task2               ; work         ;
;       |Comparator:comp1|         ; 11 (11)             ; 0 (0)                     ; 0           ; 0            ; 0       ; 0         ; 0    ; 0            ; |chipInterface|task2:R|Comparator:comp1                                       ; Comparator          ; work         ;
;       |Comparator:comp2|         ; 10 (10)             ; 0 (0)                     ; 0           ; 0            ; 0       ; 0         ; 0    ; 0            ; |chipInterface|task2:R|Comparator:comp2                                       ; Comparator          ; work         ;
;       |Comparator:comp3|         ; 11 (11)             ; 0 (0)                     ; 0           ; 0            ; 0       ; 0         ; 0    ; 0            ; |chipInterface|task2:R|Comparator:comp3                                       ; Comparator          ; work         ;
;       |Comparator:comp4|         ; 11 (11)             ; 0 (0)                     ; 0           ; 0            ; 0       ; 0         ; 0    ; 0            ; |chipInterface|task2:R|Comparator:comp4                                       ; Comparator          ; work         ;
;       |Counter:counter1|         ; 33 (33)             ; 32 (32)                   ; 0           ; 0            ; 0       ; 0         ; 0    ; 0            ; |chipInterface|task2:R|Counter:counter1                                       ; Counter             ; work         ;
;       |Counter:counter2|         ; 32 (32)             ; 32 (32)                   ; 0           ; 0            ; 0       ; 0         ; 0    ; 0            ; |chipInterface|task2:R|Counter:counter2                                       ; Counter             ; work         ;
;       |Counter:counter3|         ; 32 (32)             ; 32 (32)                   ; 0           ; 0            ; 0       ; 0         ; 0    ; 0            ; |chipInterface|task2:R|Counter:counter3                                       ; Counter             ; work         ;
;       |Counter:counter4|         ; 32 (32)             ; 32 (32)                   ; 0           ; 0            ; 0       ; 0         ; 0    ; 0            ; |chipInterface|task2:R|Counter:counter4                                       ; Counter             ; work         ;
;       |LeftShift8Register:reg2|  ; 0 (0)               ; 512 (512)                 ; 0           ; 0            ; 0       ; 0         ; 0    ; 0            ; |chipInterface|task2:R|LeftShift8Register:reg2                                ; LeftShift8Register  ; work         ;
;       |Mux2to1:m1|               ; 8 (8)               ; 0 (0)                     ; 0           ; 0            ; 0       ; 0         ; 0    ; 0            ; |chipInterface|task2:R|Mux2to1:m1                                             ; Mux2to1             ; work         ;
;       |SECDEDdecoder:dec1|       ; 20 (0)              ; 0 (0)                     ; 0           ; 0            ; 0       ; 0         ; 0    ; 0            ; |chipInterface|task2:R|SECDEDdecoder:dec1                                     ; SECDEDdecoder       ; work         ;
;          |makeCorrect:m3|        ; 8 (8)               ; 0 (0)                     ; 0           ; 0            ; 0       ; 0         ; 0    ; 0            ; |chipInterface|task2:R|SECDEDdecoder:dec1|makeCorrect:m3                      ; makeCorrect         ; work         ;
;          |makeIs2BitErr:m4|      ; 7 (3)               ; 0 (0)                     ; 0           ; 0            ; 0       ; 0         ; 0    ; 0            ; |chipInterface|task2:R|SECDEDdecoder:dec1|makeIs2BitErr:m4                    ; makeIs2BitErr       ; work         ;
;             |makeGlobalParity:m| ; 4 (4)               ; 0 (0)                     ; 0           ; 0            ; 0       ; 0         ; 0    ; 0            ; |chipInterface|task2:R|SECDEDdecoder:dec1|makeIs2BitErr:m4|makeGlobalParity:m ; makeGlobalParity    ; work         ;
;          |makeSyndrome:m1|       ; 5 (5)               ; 0 (0)                     ; 0           ; 0            ; 0       ; 0         ; 0    ; 0            ; |chipInterface|task2:R|SECDEDdecoder:dec1|makeSyndrome:m1                     ; makeSyndrome        ; work         ;
;       |ShiftRegister_SIPO:reg1|  ; 0 (0)               ; 13 (13)                   ; 0           ; 0            ; 0       ; 0         ; 0    ; 0            ; |chipInterface|task2:R|ShiftRegister_SIPO:reg1                                ; ShiftRegister_SIPO  ; work         ;
;       |fsm:control|              ; 19 (19)             ; 7 (7)                     ; 0           ; 0            ; 0       ; 0         ; 0    ; 0            ; |chipInterface|task2:R|fsm:control                                            ; fsm                 ; work         ;
+----------------------------------+---------------------+---------------------------+-------------+--------------+---------+-----------+------+--------------+-------------------------------------------------------------------------------+---------------------+--------------+
Note: For table entries with two numbers listed, the numbers in parentheses indicate the number of resources of the given type used by the specific entity alone. The numbers listed outside of parentheses indicate the total resources of the given type used by the specific entity and all of its sub-entities in the hierarchy.


Encoding Type:  One-Hot
+----------------------------------------------------------------------------------------------------------------------+
; State Machine - |chipInterface|task2:R|fsm:control|state                                                             ;
+-----------------+-------------+-----------------+-------------+-------------+--------------+------------+------------+
; Name            ; state.ERROR ; state.COMPLETED ; state.WAIT1 ; state.WAIT0 ; state.SAMPLE ; state.SYNC ; state.IDLE ;
+-----------------+-------------+-----------------+-------------+-------------+--------------+------------+------------+
; state.IDLE      ; 0           ; 0               ; 0           ; 0           ; 0            ; 0          ; 0          ;
; state.SYNC      ; 0           ; 0               ; 0           ; 0           ; 0            ; 1          ; 1          ;
; state.SAMPLE    ; 0           ; 0               ; 0           ; 0           ; 1            ; 0          ; 1          ;
; state.WAIT0     ; 0           ; 0               ; 0           ; 1           ; 0            ; 0          ; 1          ;
; state.WAIT1     ; 0           ; 0               ; 1           ; 0           ; 0            ; 0          ; 1          ;
; state.COMPLETED ; 0           ; 1               ; 0           ; 0           ; 0            ; 0          ; 1          ;
; state.ERROR     ; 1           ; 0               ; 0           ; 0           ; 0            ; 0          ; 1          ;
+-----------------+-------------+-----------------+-------------+-------------+--------------+------------+------------+


+------------------------------------------------------------+
; Registers Removed During Synthesis                         ;
+---------------------------------------+--------------------+
; Register name                         ; Reason for Removal ;
+---------------------------------------+--------------------+
; task2:R|fsm:control|state~4           ; Lost fanout        ;
; task2:R|fsm:control|state~5           ; Lost fanout        ;
; task2:R|fsm:control|state~6           ; Lost fanout        ;
; Total Number of Removed Registers = 3 ;                    ;
+---------------------------------------+--------------------+


+------------------------------------------------------+
; General Register Statistics                          ;
+----------------------------------------------+-------+
; Statistic                                    ; Value ;
+----------------------------------------------+-------+
; Total registers                              ; 660   ;
; Number of registers using Synchronous Clear  ; 128   ;
; Number of registers using Synchronous Load   ; 0     ;
; Number of registers using Asynchronous Clear ; 7     ;
; Number of registers using Asynchronous Load  ; 0     ;
; Number of registers using Clock Enable       ; 557   ;
; Number of registers using Preset             ; 0     ;
+----------------------------------------------+-------+


+-----------------------------------------------------------------------------------------------------------------------------------------------------------------------------------+
; Multiplexer Restructuring Statistics (Restructuring Performed)                                                                                                                    ;
+--------------------+-----------+---------------+----------------------+------------------------+------------+---------------------------------------------------------------------+
; Multiplexer Inputs ; Bus Width ; Baseline Area ; Area if Restructured ; Saving if Restructured ; Registered ; Example Multiplexer Output                                          ;
+--------------------+-----------+---------------+----------------------+------------------------+------------+---------------------------------------------------------------------+
; 3:1                ; 32 bits   ; 64 LEs        ; 32 LEs               ; 32 LEs                 ; Yes        ; |chipInterface|task2:R|Counter:counter1|Q[6]                        ;
; 3:1                ; 8 bits    ; 16 LEs        ; 16 LEs               ; 0 LEs                  ; Yes        ; |chipInterface|task2:R|LeftShift8Register:reg2|Q[6]                 ;
; 3:1                ; 3 bits    ; 6 LEs         ; 3 LEs                ; 3 LEs                  ; No         ; |chipInterface|task2:R|SECDEDdecoder:dec1|makeCorrect:m3|ShiftLeft0 ;
; 3:1                ; 2 bits    ; 4 LEs         ; 2 LEs                ; 2 LEs                  ; No         ; |chipInterface|task2:R|SECDEDdecoder:dec1|makeCorrect:m3|ShiftLeft0 ;
; 17:1               ; 32 bits   ; 352 LEs       ; 352 LEs              ; 0 LEs                  ; No         ; |chipInterface|select:s|ShiftRight0                                 ;
+--------------------+-----------+---------------+----------------------+------------------------+------------+---------------------------------------------------------------------+


+------------------------------------------------------------------------------+
; Parameter Settings for User Entity Instance: task2:R|ShiftRegister_SIPO:reg1 ;
+----------------+-------+-----------------------------------------------------+
; Parameter Name ; Value ; Type                                                ;
+----------------+-------+-----------------------------------------------------+
; WIDTH          ; 13    ; Signed Integer                                      ;
+----------------+-------+-----------------------------------------------------+
Note: In order to hide this table in the UI and the text report file, please set the "Show Parameter Settings in Synthesis Report" option in "Analysis and Synthesis Settings -> More Settings" to "Off".


+-----------------------------------------------------------------------+
; Parameter Settings for User Entity Instance: task2:R|Counter:counter1 ;
+----------------+-------+----------------------------------------------+
; Parameter Name ; Value ; Type                                         ;
+----------------+-------+----------------------------------------------+
; WIDTH          ; 32    ; Signed Integer                               ;
+----------------+-------+----------------------------------------------+
Note: In order to hide this table in the UI and the text report file, please set the "Show Parameter Settings in Synthesis Report" option in "Analysis and Synthesis Settings -> More Settings" to "Off".


+-----------------------------------------------------------------------+
; Parameter Settings for User Entity Instance: task2:R|Counter:counter2 ;
+----------------+-------+----------------------------------------------+
; Parameter Name ; Value ; Type                                         ;
+----------------+-------+----------------------------------------------+
; WIDTH          ; 32    ; Signed Integer                               ;
+----------------+-------+----------------------------------------------+
Note: In order to hide this table in the UI and the text report file, please set the "Show Parameter Settings in Synthesis Report" option in "Analysis and Synthesis Settings -> More Settings" to "Off".


+-----------------------------------------------------------------------+
; Parameter Settings for User Entity Instance: task2:R|Counter:counter3 ;
+----------------+-------+----------------------------------------------+
; Parameter Name ; Value ; Type                                         ;
+----------------+-------+----------------------------------------------+
; WIDTH          ; 32    ; Signed Integer                               ;
+----------------+-------+----------------------------------------------+
Note: In order to hide this table in the UI and the text report file, please set the "Show Parameter Settings in Synthesis Report" option in "Analysis and Synthesis Settings -> More Settings" to "Off".


+-----------------------------------------------------------------------+
; Parameter Settings for User Entity Instance: task2:R|Counter:counter4 ;
+----------------+-------+----------------------------------------------+
; Parameter Name ; Value ; Type                                         ;
+----------------+-------+----------------------------------------------+
; WIDTH          ; 32    ; Signed Integer                               ;
+----------------+-------+----------------------------------------------+
Note: In order to hide this table in the UI and the text report file, please set the "Show Parameter Settings in Synthesis Report" option in "Analysis and Synthesis Settings -> More Settings" to "Off".


+-----------------------------------------------------------------------+
; Parameter Settings for User Entity Instance: task2:R|Counter:counter5 ;
+----------------+-------+----------------------------------------------+
; Parameter Name ; Value ; Type                                         ;
+----------------+-------+----------------------------------------------+
; WIDTH          ; 32    ; Signed Integer                               ;
+----------------+-------+----------------------------------------------+
Note: In order to hide this table in the UI and the text report file, please set the "Show Parameter Settings in Synthesis Report" option in "Analysis and Synthesis Settings -> More Settings" to "Off".


+-----------------------------------------------------------------------+
; Parameter Settings for User Entity Instance: task2:R|Comparator:comp1 ;
+----------------+-------+----------------------------------------------+
; Parameter Name ; Value ; Type                                         ;
+----------------+-------+----------------------------------------------+
; WIDTH          ; 32    ; Signed Integer                               ;
+----------------+-------+----------------------------------------------+
Note: In order to hide this table in the UI and the text report file, please set the "Show Parameter Settings in Synthesis Report" option in "Analysis and Synthesis Settings -> More Settings" to "Off".


+-----------------------------------------------------------------------+
; Parameter Settings for User Entity Instance: task2:R|Comparator:comp2 ;
+----------------+-------+----------------------------------------------+
; Parameter Name ; Value ; Type                                         ;
+----------------+-------+----------------------------------------------+
; WIDTH          ; 32    ; Signed Integer                               ;
+----------------+-------+----------------------------------------------+
Note: In order to hide this table in the UI and the text report file, please set the "Show Parameter Settings in Synthesis Report" option in "Analysis and Synthesis Settings -> More Settings" to "Off".


+-----------------------------------------------------------------------+
; Parameter Settings for User Entity Instance: task2:R|Comparator:comp3 ;
+----------------+-------+----------------------------------------------+
; Parameter Name ; Value ; Type                                         ;
+----------------+-------+----------------------------------------------+
; WIDTH          ; 32    ; Signed Integer                               ;
+----------------+-------+----------------------------------------------+
Note: In order to hide this table in the UI and the text report file, please set the "Show Parameter Settings in Synthesis Report" option in "Analysis and Synthesis Settings -> More Settings" to "Off".


+-----------------------------------------------------------------------+
; Parameter Settings for User Entity Instance: task2:R|Comparator:comp4 ;
+----------------+-------+----------------------------------------------+
; Parameter Name ; Value ; Type                                         ;
+----------------+-------+----------------------------------------------+
; WIDTH          ; 32    ; Signed Integer                               ;
+----------------+-------+----------------------------------------------+
Note: In order to hide this table in the UI and the text report file, please set the "Show Parameter Settings in Synthesis Report" option in "Analysis and Synthesis Settings -> More Settings" to "Off".


+-----------------------------------------------------------------+
; Parameter Settings for User Entity Instance: task2:R|Mux2to1:m1 ;
+----------------+-------+----------------------------------------+
; Parameter Name ; Value ; Type                                   ;
+----------------+-------+----------------------------------------+
; WIDTH          ; 8     ; Signed Integer                         ;
+----------------+-------+----------------------------------------+
Note: In order to hide this table in the UI and the text report file, please set the "Show Parameter Settings in Synthesis Report" option in "Analysis and Synthesis Settings -> More Settings" to "Off".


+----------------------------------------------------+
; Port Connectivity Checks: "SevenSegmentDisplay:s1" ;
+-------+-------+----------+-------------------------+
; Port  ; Type  ; Severity ; Details                 ;
+-------+-------+----------+-------------------------+
; blank ; Input ; Info     ; Stuck at GND            ;
+-------+-------+----------+-------------------------+


+------------------------------------------------+
; Port Connectivity Checks: "task2:R|Mux2to1:m1" ;
+----------+-------+----------+------------------+
; Port     ; Type  ; Severity ; Details          ;
+----------+-------+----------+------------------+
; I1[7..5] ; Input ; Info     ; Stuck at GND     ;
; I1[4]    ; Input ; Info     ; Stuck at VCC     ;
; I1[3]    ; Input ; Info     ; Stuck at GND     ;
; I1[2]    ; Input ; Info     ; Stuck at VCC     ;
; I1[1]    ; Input ; Info     ; Stuck at GND     ;
; I1[0]    ; Input ; Info     ; Stuck at VCC     ;
+----------+-------+----------+------------------+


+------------------------------------------------------+
; Port Connectivity Checks: "task2:R|Comparator:comp4" ;
+-----------+-------+----------+-----------------------+
; Port      ; Type  ; Severity ; Details               ;
+-----------+-------+----------+-----------------------+
; B[11..7]  ; Input ; Info     ; Stuck at VCC          ;
; B[2..0]   ; Input ; Info     ; Stuck at VCC          ;
; B[31..12] ; Input ; Info     ; Stuck at GND          ;
; B[6..3]   ; Input ; Info     ; Stuck at GND          ;
+-----------+-------+----------+-----------------------+


+------------------------------------------------------+
; Port Connectivity Checks: "task2:R|Comparator:comp3" ;
+-----------+-------+----------+-----------------------+
; Port      ; Type  ; Severity ; Details               ;
+-----------+-------+----------+-----------------------+
; B[10..6]  ; Input ; Info     ; Stuck at VCC          ;
; B[31..11] ; Input ; Info     ; Stuck at GND          ;
; B[5..3]   ; Input ; Info     ; Stuck at GND          ;
; B[1..0]   ; Input ; Info     ; Stuck at GND          ;
; B[2]      ; Input ; Info     ; Stuck at VCC          ;
+-----------+-------+----------+-----------------------+


+------------------------------------------------------+
; Port Connectivity Checks: "task2:R|Comparator:comp2" ;
+-----------+-------+----------+-----------------------+
; Port      ; Type  ; Severity ; Details               ;
+-----------+-------+----------+-----------------------+
; B[8..7]   ; Input ; Info     ; Stuck at VCC          ;
; B[5..4]   ; Input ; Info     ; Stuck at VCC          ;
; B[31..12] ; Input ; Info     ; Stuck at GND          ;
; B[10..9]  ; Input ; Info     ; Stuck at GND          ;
; B[1..0]   ; Input ; Info     ; Stuck at GND          ;
; B[11]     ; Input ; Info     ; Stuck at VCC          ;
; B[6]      ; Input ; Info     ; Stuck at GND          ;
; B[3]      ; Input ; Info     ; Stuck at GND          ;
; B[2]      ; Input ; Info     ; Stuck at VCC          ;
+-----------+-------+----------+-----------------------+


+------------------------------------------------------+
; Port Connectivity Checks: "task2:R|Comparator:comp1" ;
+----------+-------+----------+------------------------+
; Port     ; Type  ; Severity ; Details                ;
+----------+-------+----------+------------------------+
; B[3..2]  ; Input ; Info     ; Stuck at VCC           ;
; B[31..4] ; Input ; Info     ; Stuck at GND           ;
; B[1]     ; Input ; Info     ; Stuck at GND           ;
; B[0]     ; Input ; Info     ; Stuck at VCC           ;
+----------+-------+----------+------------------------+


+-----------------------------------------------------------------------------------------------------------------------------------------------------------------------------------------------------------------+
; Port Connectivity Checks: "task2:R|Counter:counter5"                                                                                                                                                            ;
+--------+--------+----------+------------------------------------------------------------------------------------------------------------------------------------------------------------------------------------+
; Port   ; Type   ; Severity ; Details                                                                                                                                                                            ;
+--------+--------+----------+------------------------------------------------------------------------------------------------------------------------------------------------------------------------------------+
; up     ; Input  ; Warning  ; Input port expression (32 bits) is wider than the input port (1 bits) it drives.  The 31 most-significant bit(s) in the expression will be dangling if they have no other fanouts. ;
; up[-1] ; Input  ; Info     ; Stuck at VCC                                                                                                                                                                       ;
; Q      ; Output ; Info     ; Connected to dangling logic. Logic that only feeds a dangling port will be removed.                                                                                                ;
; D      ; Input  ; Warning  ; Declared by entity but not connected by instance. If a default value exists, it will be used.  Otherwise, the port will be connected to GND.                                       ;
; load   ; Input  ; Warning  ; Declared by entity but not connected by instance. If a default value exists, it will be used.  Otherwise, the port will be connected to GND.                                       ;
+--------+--------+----------+------------------------------------------------------------------------------------------------------------------------------------------------------------------------------------+


+----------------------------------------------------------------------------------------------------------------------------------------------------------------------------------------------------------------+
; Port Connectivity Checks: "task2:R|Counter:counter4"                                                                                                                                                           ;
+--------+-------+----------+------------------------------------------------------------------------------------------------------------------------------------------------------------------------------------+
; Port   ; Type  ; Severity ; Details                                                                                                                                                                            ;
+--------+-------+----------+------------------------------------------------------------------------------------------------------------------------------------------------------------------------------------+
; up     ; Input ; Warning  ; Input port expression (32 bits) is wider than the input port (1 bits) it drives.  The 31 most-significant bit(s) in the expression will be dangling if they have no other fanouts. ;
; up[-1] ; Input ; Info     ; Stuck at VCC                                                                                                                                                                       ;
; D      ; Input ; Warning  ; Declared by entity but not connected by instance. If a default value exists, it will be used.  Otherwise, the port will be connected to GND.                                       ;
; load   ; Input ; Warning  ; Declared by entity but not connected by instance. If a default value exists, it will be used.  Otherwise, the port will be connected to GND.                                       ;
+--------+-------+----------+------------------------------------------------------------------------------------------------------------------------------------------------------------------------------------+


+----------------------------------------------------------------------------------------------------------------------------------------------------------------------------------------------------------------+
; Port Connectivity Checks: "task2:R|Counter:counter3"                                                                                                                                                           ;
+--------+-------+----------+------------------------------------------------------------------------------------------------------------------------------------------------------------------------------------+
; Port   ; Type  ; Severity ; Details                                                                                                                                                                            ;
+--------+-------+----------+------------------------------------------------------------------------------------------------------------------------------------------------------------------------------------+
; up     ; Input ; Warning  ; Input port expression (32 bits) is wider than the input port (1 bits) it drives.  The 31 most-significant bit(s) in the expression will be dangling if they have no other fanouts. ;
; up[-1] ; Input ; Info     ; Stuck at VCC                                                                                                                                                                       ;
; D      ; Input ; Warning  ; Declared by entity but not connected by instance. If a default value exists, it will be used.  Otherwise, the port will be connected to GND.                                       ;
; load   ; Input ; Warning  ; Declared by entity but not connected by instance. If a default value exists, it will be used.  Otherwise, the port will be connected to GND.                                       ;
+--------+-------+----------+------------------------------------------------------------------------------------------------------------------------------------------------------------------------------------+


+----------------------------------------------------------------------------------------------------------------------------------------------------------------------------------------------------------------+
; Port Connectivity Checks: "task2:R|Counter:counter2"                                                                                                                                                           ;
+--------+-------+----------+------------------------------------------------------------------------------------------------------------------------------------------------------------------------------------+
; Port   ; Type  ; Severity ; Details                                                                                                                                                                            ;
+--------+-------+----------+------------------------------------------------------------------------------------------------------------------------------------------------------------------------------------+
; up     ; Input ; Warning  ; Input port expression (32 bits) is wider than the input port (1 bits) it drives.  The 31 most-significant bit(s) in the expression will be dangling if they have no other fanouts. ;
; up[-1] ; Input ; Info     ; Stuck at VCC                                                                                                                                                                       ;
; D      ; Input ; Warning  ; Declared by entity but not connected by instance. If a default value exists, it will be used.  Otherwise, the port will be connected to GND.                                       ;
; load   ; Input ; Warning  ; Declared by entity but not connected by instance. If a default value exists, it will be used.  Otherwise, the port will be connected to GND.                                       ;
+--------+-------+----------+------------------------------------------------------------------------------------------------------------------------------------------------------------------------------------+


+----------------------------------------------------------------------------------------------------------------------------------------------------------------------------------------------------------------+
; Port Connectivity Checks: "task2:R|Counter:counter1"                                                                                                                                                           ;
+--------+-------+----------+------------------------------------------------------------------------------------------------------------------------------------------------------------------------------------+
; Port   ; Type  ; Severity ; Details                                                                                                                                                                            ;
+--------+-------+----------+------------------------------------------------------------------------------------------------------------------------------------------------------------------------------------+
; up     ; Input ; Warning  ; Input port expression (32 bits) is wider than the input port (1 bits) it drives.  The 31 most-significant bit(s) in the expression will be dangling if they have no other fanouts. ;
; up[-1] ; Input ; Info     ; Stuck at VCC                                                                                                                                                                       ;
; D      ; Input ; Warning  ; Declared by entity but not connected by instance. If a default value exists, it will be used.  Otherwise, the port will be connected to GND.                                       ;
; load   ; Input ; Warning  ; Declared by entity but not connected by instance. If a default value exists, it will be used.  Otherwise, the port will be connected to GND.                                       ;
+--------+-------+----------+------------------------------------------------------------------------------------------------------------------------------------------------------------------------------------+


+----------------------------------------------------------------------------------------------------------------------------------------------+
; Port Connectivity Checks: "task2:R|SECDEDdecoder:dec1"                                                                                       ;
+---------------+--------+----------+----------------------------------------------------------------------------------------------------------+
; Port          ; Type   ; Severity ; Details                                                                                                  ;
+---------------+--------+----------+----------------------------------------------------------------------------------------------------------+
; outCode[2..0] ; Output ; Info     ; Connected to dangling logic. Logic that only feeds a dangling port will be removed.                      ;
; outCode[8]    ; Output ; Info     ; Connected to dangling logic. Logic that only feeds a dangling port will be removed.                      ;
; outCode[4]    ; Output ; Info     ; Connected to dangling logic. Logic that only feeds a dangling port will be removed.                      ;
; syndrome      ; Output ; Warning  ; Declared by entity but not connected by instance. Logic that only feeds a dangling port will be removed. ;
; is1BitErr     ; Output ; Warning  ; Declared by entity but not connected by instance. Logic that only feeds a dangling port will be removed. ;
+---------------+--------+----------+----------------------------------------------------------------------------------------------------------+


+------------------------------------------------------------------------------------------------------------------------------------------------------------------------------------------------------------------+
; Port Connectivity Checks: "task2:R|ShiftRegister_SIPO:reg1"                                                                                                                                                      ;
+----------+-------+----------+------------------------------------------------------------------------------------------------------------------------------------------------------------------------------------+
; Port     ; Type  ; Severity ; Details                                                                                                                                                                            ;
+----------+-------+----------+------------------------------------------------------------------------------------------------------------------------------------------------------------------------------------+
; left     ; Input ; Warning  ; Input port expression (32 bits) is wider than the input port (1 bits) it drives.  The 31 most-significant bit(s) in the expression will be dangling if they have no other fanouts. ;
; left[-1] ; Input ; Info     ; Stuck at VCC                                                                                                                                                                       ;
+----------+-------+----------+------------------------------------------------------------------------------------------------------------------------------------------------------------------------------------+


+--------------------------------------------------------------------------------------------------------------------+
; Port Connectivity Checks: "task2:R|fsm:control"                                                                    ;
+----------+--------+----------+-------------------------------------------------------------------------------------+
; Port     ; Type   ; Severity ; Details                                                                             ;
+----------+--------+----------+-------------------------------------------------------------------------------------+
; fe_error ; Output ; Info     ; Connected to dangling logic. Logic that only feeds a dangling port will be removed. ;
+----------+--------+----------+-------------------------------------------------------------------------------------+


+-----------------------------------------------------------------------------------------------------------------+
; Port Connectivity Checks: "task2:R"                                                                             ;
+-------+--------+----------+-------------------------------------------------------------------------------------+
; Port  ; Type   ; Severity ; Details                                                                             ;
+-------+--------+----------+-------------------------------------------------------------------------------------+
; isNew ; Output ; Info     ; Connected to dangling logic. Logic that only feeds a dangling port will be removed. ;
+-------+--------+----------+-------------------------------------------------------------------------------------+


+-----------------------------------------------------+
; Post-Synthesis Netlist Statistics for Top Partition ;
+-----------------------+-----------------------------+
; Type                  ; Count                       ;
+-----------------------+-----------------------------+
; boundary_port         ; 80                          ;
; cycloneiii_ff         ; 660                         ;
;     CLR               ; 7                           ;
;     ENA               ; 525                         ;
;     ENA SCLR          ; 32                          ;
;     SCLR              ; 96                          ;
; cycloneiii_lcell_comb ; 639                         ;
;     arith             ; 124                         ;
;         2 data inputs ; 124                         ;
;     normal            ; 515                         ;
;         1 data inputs ; 12                          ;
;         2 data inputs ; 44                          ;
;         3 data inputs ; 7                           ;
;         4 data inputs ; 452                         ;
;                       ;                             ;
; Max LUT depth         ; 7.00                        ;
; Average LUT depth     ; 5.45                        ;
+-----------------------+-----------------------------+


+-------------------------------+
; Elapsed Time Per Partition    ;
+----------------+--------------+
; Partition Name ; Elapsed Time ;
+----------------+--------------+
; Top            ; 00:00:02     ;
+----------------+--------------+


+-------------------------------+
; Analysis & Synthesis Messages ;
+-------------------------------+
Info: *******************************************************************
Info: Running Quartus Prime Analysis & Synthesis
    Info: Version 16.1.2 Build 203 01/18/2017 SJ Standard Edition
    Info: Processing started: Wed Mar 29 01:03:56 2023
Info: Command: quartus_map --read_settings_files=on --write_settings_files=off chipInterface -c chipInterface
Warning (18236): Number of processors has not been specified which may cause overloading on shared machines.  Set the global assignment NUM_PARALLEL_PROCESSORS in your QSF to an appropriate value for best performance.
Info (20030): Parallel compilation is enabled and will use 12 of the 12 processors detected
Info (12021): Found 3 design units, including 3 entities, in source file 02_chipInterface.sv
    Info (12023): Found entity 1: chipInterface File: /afs/andrew.cmu.edu/usr24/xinyew/public/lab4/02_chipInterface.sv Line: 2
    Info (12023): Found entity 2: select File: /afs/andrew.cmu.edu/usr24/xinyew/public/lab4/02_chipInterface.sv Line: 46
    Info (12023): Found entity 3: SevenSegmentDisplay File: /afs/andrew.cmu.edu/usr24/xinyew/public/lab4/02_chipInterface.sv Line: 58
Info (12021): Found 2 design units, including 2 entities, in source file 02.sv
    Info (12023): Found entity 1: task2 File: /afs/andrew.cmu.edu/usr24/xinyew/public/lab4/02.sv Line: 3
    Info (12023): Found entity 2: fsm File: /afs/andrew.cmu.edu/usr24/xinyew/public/lab4/02.sv Line: 102
Info (12021): Found 6 design units, including 6 entities, in source file 00_SECDED.sv
    Info (12023): Found entity 1: SECDEDdecoder File: /afs/andrew.cmu.edu/usr24/xinyew/public/lab4/00_SECDED.sv Line: 1
    Info (12023): Found entity 2: makeSyndrome File: /afs/andrew.cmu.edu/usr24/xinyew/public/lab4/00_SECDED.sv Line: 18
    Info (12023): Found entity 3: makeCorrect File: /afs/andrew.cmu.edu/usr24/xinyew/public/lab4/00_SECDED.sv Line: 27
    Info (12023): Found entity 4: makeGlobalParity File: /afs/andrew.cmu.edu/usr24/xinyew/public/lab4/00_SECDED.sv Line: 37
    Info (12023): Found entity 5: makeIs1BitErr File: /afs/andrew.cmu.edu/usr24/xinyew/public/lab4/00_SECDED.sv Line: 45
    Info (12023): Found entity 6: makeIs2BitErr File: /afs/andrew.cmu.edu/usr24/xinyew/public/lab4/00_SECDED.sv Line: 57
Info (12021): Found 13 design units, including 13 entities, in source file 00_library.sv
    Info (12023): Found entity 1: LeftShift8Register File: /afs/andrew.cmu.edu/usr24/xinyew/public/lab4/00_library.sv Line: 5
    Info (12023): Found entity 2: Comparator File: /afs/andrew.cmu.edu/usr24/xinyew/public/lab4/00_library.sv Line: 16
    Info (12023): Found entity 3: MagComp File: /afs/andrew.cmu.edu/usr24/xinyew/public/lab4/00_library.sv Line: 32
    Info (12023): Found entity 4: Multiplexer File: /afs/andrew.cmu.edu/usr24/xinyew/public/lab4/00_library.sv Line: 44
    Info (12023): Found entity 5: Mux2to1 File: /afs/andrew.cmu.edu/usr24/xinyew/public/lab4/00_library.sv Line: 55
    Info (12023): Found entity 6: Decoder File: /afs/andrew.cmu.edu/usr24/xinyew/public/lab4/00_library.sv Line: 66
    Info (12023): Found entity 7: DFlipFlop File: /afs/andrew.cmu.edu/usr24/xinyew/public/lab4/00_library.sv Line: 82
    Info (12023): Found entity 8: Register File: /afs/andrew.cmu.edu/usr24/xinyew/public/lab4/00_library.sv Line: 101
    Info (12023): Found entity 9: Counter File: /afs/andrew.cmu.edu/usr24/xinyew/public/lab4/00_library.sv Line: 117
    Info (12023): Found entity 10: Synchronizer File: /afs/andrew.cmu.edu/usr24/xinyew/public/lab4/00_library.sv Line: 137
    Info (12023): Found entity 11: ShiftRegister_PIPO File: /afs/andrew.cmu.edu/usr24/xinyew/public/lab4/00_library.sv Line: 161
    Info (12023): Found entity 12: ShiftRegister_SIPO File: /afs/andrew.cmu.edu/usr24/xinyew/public/lab4/00_library.sv Line: 180
    Info (12023): Found entity 13: BarrelShiftRegister File: /afs/andrew.cmu.edu/usr24/xinyew/public/lab4/00_library.sv Line: 196
Info (12127): Elaborating entity "chipInterface" for the top level hierarchy
Info (12128): Elaborating entity "task2" for hierarchy "task2:R" File: /afs/andrew.cmu.edu/usr24/xinyew/public/lab4/02_chipInterface.sv Line: 23
Warning (10034): Output port "isNew" at 02.sv(6) has no driver File: /afs/andrew.cmu.edu/usr24/xinyew/public/lab4/02.sv Line: 6
Info (12128): Elaborating entity "fsm" for hierarchy "task2:R|fsm:control" File: /afs/andrew.cmu.edu/usr24/xinyew/public/lab4/02.sv Line: 48
Info (12128): Elaborating entity "ShiftRegister_SIPO" for hierarchy "task2:R|ShiftRegister_SIPO:reg1" File: /afs/andrew.cmu.edu/usr24/xinyew/public/lab4/02.sv Line: 52
Info (12128): Elaborating entity "SECDEDdecoder" for hierarchy "task2:R|SECDEDdecoder:dec1" File: /afs/andrew.cmu.edu/usr24/xinyew/public/lab4/02.sv Line: 55
Info (12128): Elaborating entity "makeSyndrome" for hierarchy "task2:R|SECDEDdecoder:dec1|makeSyndrome:m1" File: /afs/andrew.cmu.edu/usr24/xinyew/public/lab4/00_SECDED.sv Line: 8
Info (12128): Elaborating entity "makeIs1BitErr" for hierarchy "task2:R|SECDEDdecoder:dec1|makeIs1BitErr:m2" File: /afs/andrew.cmu.edu/usr24/xinyew/public/lab4/00_SECDED.sv Line: 10
Warning (10230): Verilog HDL assignment warning at 00_SECDED.sv(53): truncated value with size 32 to match size of target (1) File: /afs/andrew.cmu.edu/usr24/xinyew/public/lab4/00_SECDED.sv Line: 53
Info (12128): Elaborating entity "makeGlobalParity" for hierarchy "task2:R|SECDEDdecoder:dec1|makeIs1BitErr:m2|makeGlobalParity:m" File: /afs/andrew.cmu.edu/usr24/xinyew/public/lab4/00_SECDED.sv Line: 51
Info (12128): Elaborating entity "makeIs2BitErr" for hierarchy "task2:R|SECDEDdecoder:dec1|makeIs2BitErr:m4" File: /afs/andrew.cmu.edu/usr24/xinyew/public/lab4/00_SECDED.sv Line: 12
Info (12128): Elaborating entity "makeCorrect" for hierarchy "task2:R|SECDEDdecoder:dec1|makeCorrect:m3" File: /afs/andrew.cmu.edu/usr24/xinyew/public/lab4/00_SECDED.sv Line: 14
Info (12128): Elaborating entity "Counter" for hierarchy "task2:R|Counter:counter1" File: /afs/andrew.cmu.edu/usr24/xinyew/public/lab4/02.sv Line: 59
Info (12128): Elaborating entity "Comparator" for hierarchy "task2:R|Comparator:comp1" File: /afs/andrew.cmu.edu/usr24/xinyew/public/lab4/02.sv Line: 81
Info (12128): Elaborating entity "Mux2to1" for hierarchy "task2:R|Mux2to1:m1" File: /afs/andrew.cmu.edu/usr24/xinyew/public/lab4/02.sv Line: 94
Info (12128): Elaborating entity "LeftShift8Register" for hierarchy "task2:R|LeftShift8Register:reg2" File: /afs/andrew.cmu.edu/usr24/xinyew/public/lab4/02.sv Line: 98
Info (12128): Elaborating entity "select" for hierarchy "select:s" File: /afs/andrew.cmu.edu/usr24/xinyew/public/lab4/02_chipInterface.sv Line: 28
Info (12128): Elaborating entity "SevenSegmentDisplay" for hierarchy "SevenSegmentDisplay:s1" File: /afs/andrew.cmu.edu/usr24/xinyew/public/lab4/02_chipInterface.sv Line: 33
Warning (12241): 7 hierarchies have connectivity warnings - see the Connectivity Checks report folder
Info (286030): Timing-Driven Synthesis is running
Info (17049): 3 registers lost all their fanouts during netlist optimizations.
Info (16010): Generating hard_block partition "hard_block:auto_generated_inst"
    Info (16011): Adding 0 node(s), including 0 DDIO, 0 PLL, 0 transceiver and 0 LCELL
Warning (21074): Design contains 13 input pin(s) that do not drive logic
    Warning (15610): No output dependent on input pin "SW[8]" File: /afs/andrew.cmu.edu/usr24/xinyew/public/lab4/02_chipInterface.sv Line: 4
    Warning (15610): No output dependent on input pin "SW[9]" File: /afs/andrew.cmu.edu/usr24/xinyew/public/lab4/02_chipInterface.sv Line: 4
    Warning (15610): No output dependent on input pin "SW[10]" File: /afs/andrew.cmu.edu/usr24/xinyew/public/lab4/02_chipInterface.sv Line: 4
    Warning (15610): No output dependent on input pin "SW[11]" File: /afs/andrew.cmu.edu/usr24/xinyew/public/lab4/02_chipInterface.sv Line: 4
    Warning (15610): No output dependent on input pin "SW[12]" File: /afs/andrew.cmu.edu/usr24/xinyew/public/lab4/02_chipInterface.sv Line: 4
    Warning (15610): No output dependent on input pin "SW[13]" File: /afs/andrew.cmu.edu/usr24/xinyew/public/lab4/02_chipInterface.sv Line: 4
    Warning (15610): No output dependent on input pin "SW[14]" File: /afs/andrew.cmu.edu/usr24/xinyew/public/lab4/02_chipInterface.sv Line: 4
    Warning (15610): No output dependent on input pin "SW[15]" File: /afs/andrew.cmu.edu/usr24/xinyew/public/lab4/02_chipInterface.sv Line: 4
    Warning (15610): No output dependent on input pin "SW[16]" File: /afs/andrew.cmu.edu/usr24/xinyew/public/lab4/02_chipInterface.sv Line: 4
    Warning (15610): No output dependent on input pin "SW[17]" File: /afs/andrew.cmu.edu/usr24/xinyew/public/lab4/02_chipInterface.sv Line: 4
    Warning (15610): No output dependent on input pin "KEY[1]" File: /afs/andrew.cmu.edu/usr24/xinyew/public/lab4/02_chipInterface.sv Line: 6
    Warning (15610): No output dependent on input pin "KEY[2]" File: /afs/andrew.cmu.edu/usr24/xinyew/public/lab4/02_chipInterface.sv Line: 6
    Warning (15610): No output dependent on input pin "KEY[3]" File: /afs/andrew.cmu.edu/usr24/xinyew/public/lab4/02_chipInterface.sv Line: 6
Info (21057): Implemented 1228 device resources after synthesis - the final resource count might be different
    Info (21058): Implemented 24 input pins
    Info (21059): Implemented 56 output pins
    Info (21061): Implemented 1148 logic cells
Info: Quartus Prime Analysis & Synthesis was successful. 0 errors, 18 warnings
    Info: Peak virtual memory: 1136 megabytes
    Info: Processing ended: Wed Mar 29 01:04:04 2023
    Info: Elapsed time: 00:00:08
    Info: Total CPU time (on all processors): 00:00:17


